Reading netlist file: "/var/www/own/tang-korvet/tang/impl/gwsynthesis/korvet.vg"
Parsing netlist file "/var/www/own/tang-korvet/tang/impl/gwsynthesis/korvet.vg" completed
Processing netlist completed
Reading constraint file: "/var/www/own/tang-korvet/tang/src/korvet.cst"
Physical Constraint parsed completed
Running placement......
[10%] Placement Phase 0 completed
[20%] Placement Phase 1 completed
[30%] Placement Phase 2 completed
[50%] Placement Phase 3 completed
Running routing......
[60%] Routing Phase 0 completed
[70%] Routing Phase 1 completed
[80%] Routing Phase 2 completed
WARN  (PR1014) : Generic routing resource will be used to clock signal 'm0s_in[3]' by the specified constraint. And then it may lead to the excessive delay or skew
WARN  (PR1014) : Generic routing resource will be used to clock signal 'clk27_d' by the specified constraint. And then it may lead to the excessive delay or skew
[90%] Routing Phase 3 completed
Running timing analysis......
[95%] Timing analysis completed
Placement and routing completed
Bitstream generation in progress......
Bitstream generation completed
Running power analysis......
[100%] Power analysis completed
Generate file "/var/www/own/tang-korvet/tang/impl/pnr/korvet.power.html" completed
Generate file "/var/www/own/tang-korvet/tang/impl/pnr/korvet.pin.html" completed
Generate file "/var/www/own/tang-korvet/tang/impl/pnr/korvet.rpt.html" completed
Generate file "/var/www/own/tang-korvet/tang/impl/pnr/korvet.rpt.txt" completed
Generate file "/var/www/own/tang-korvet/tang/impl/pnr/korvet.tr.html" completed
Sun Sep  6 11:54:48 2026

